
> test:browser
> cd ../.. && node --test tests/prompts/browser.test.cjs tests/prompts/ownership.browser.test.cjs

✔ zh-CN: real index cold start, safe toast/file text, current websocket state (707.620417ms)
✔ zh-CN: initial language failure blocks controls and retry recovers (325.03525ms)
✔ en-US: real index cold start, safe toast/file text, current websocket state (345.495583ms)
✔ en-US: initial language failure blocks controls and retry recovers (382.403125ms)
✔ delayed language package and rapid switches keep the latest requested language (302.962125ms)
✔ terminal resource failure presents retry; a rejected cached promise is not reused (366.256875ms)
✔ zh-CN: package confirmation treats names as text and applies only on explicit verified action (299.486791ms)
✔ en-US: package confirmation treats names as text and applies only on explicit verified action (329.599959ms)
✔ initial delayed language keeps controls inert until the real package arrives (243.382958ms)
✔ failed language switch preserves the loaded language; retry clears failure and stale toast (373.290458ms)
✔ terminal can initialize after failed resource load using newly served resources (390.703417ms)
{"case":"successful retry","language":"zh-CN","failure":"/sdcard/a.tscfg: 应用失败: 设备处理请求时发生错误，请查看详细原因。\n详细原因：fixture failure","afterSuccess":"/sdcard/a.tscfg: 配置包已应用。","dialogClosed":true,"errors":[]}
✔ review2: successful retry retains old failure zh-CN (643.640208ms)
{"case":"late completion","language":"zh-CN","secondShown":true,"secondRemoved":false,"toast":"/sdcard/a.tscfg: 正在应用配置...","errors":[]}
✔ review2: prior completion closes new package confirmation zh-CN (179.028166ms)
{"case":"stale file list","language":"zh-CN","callsBefore":1,"callsAfter":2,"visibleAfterUpload":true,"visibleAfterManualRefresh":true,"errors":[]}
✔ review2: uploaded file missing after dialog close zh-CN (232.798042ms)
{"case":"successful retry","language":"en-US","failure":"/sdcard/a.tscfg: Apply failed: The device encountered an error while processing the request. See the details below.\nDetails: fixture failure","afterSuccess":"/sdcard/a.tscfg: The configuration package was applied.","dialogClosed":true,"errors":[]}
✔ review2: successful retry retains old failure en-US (295.160792ms)
{"case":"late completion","language":"en-US","secondShown":true,"secondRemoved":false,"toast":"/sdcard/a.tscfg: Applying config...","errors":[]}
✔ review2: prior completion closes new package confirmation en-US (284.695ms)
{"case":"stale file list","language":"en-US","callsBefore":1,"callsAfter":2,"visibleAfterUpload":true,"visibleAfterManualRefresh":true,"errors":[]}
✔ review2: uploaded file missing after dialog close en-US (271.764041ms)
✔ R1: endpoint-specific logout and HTTP errors zh-CN (179.900042ms)
✔ R3: late validation cannot revive an old apply entry zh-CN (195.278792ms)
✔ R3: previously opened confirmation loses validity on reupload zh-CN (171.976583ms)
✔ R4/R5: obsolete errors and finally cannot update newer attempts zh-CN (188.442416ms)
✔ R6: fixed upload destination and separate refresh failure zh-CN (181.813125ms)
✔ R6: out-of-order directory success and error do not replace latest list zh-CN (199.995916ms)
✔ R1: endpoint-specific logout and HTTP errors en-US (270.188833ms)
✔ R3: late validation cannot revive an old apply entry en-US (275.258084ms)
✔ R3: previously opened confirmation loses validity on reupload en-US (261.444875ms)
✔ R4/R5: obsolete errors and finally cannot update newer attempts en-US (256.402625ms)
✔ R6: fixed upload destination and separate refresh failure en-US (238.494167ms)
✔ R6: out-of-order directory success and error do not replace latest list en-US (263.223375ms)
✔ R2: authenticated startup initializes once (280.434584ms)
✔ R2: obsolete system loader cannot update new page; failed navigation retries (239.107833ms)
✔ R4/R5: newest result wins over late success and late failure (254.992542ms)
✔ R3: overlapping writes to one path cannot claim current verified content (241.551542ms)
✔ R2: disposed page only removes its dashboard callback (267.447041ms)
✔ R2: stale finally cannot unlock the new page read (249.192417ms)
✔ R1: delayed sign-out does not clear a newer sign-in (258.742458ms)
✔ WS protocol: actual page subscription class, independent intervals and acknowledgements zh-CN (309.668791ms)
✔ WS protocol: actual page subscription class, independent intervals and acknowledgements en-US (392.888208ms)
ℹ tests 38
ℹ suites 0
ℹ pass 38
ℹ fail 0
ℹ cancelled 0
ℹ skipped 0
ℹ todo 0
ℹ duration_ms 7494.396541
