
> test:browser
> cd ../.. && node --test tests/prompts/browser.test.cjs tests/prompts/ownership.browser.test.cjs tests/prompts/widgets-layout.test.cjs tests/prompts/delete-protection.browser.test.cjs tests/prompts/condition-editor.browser.test.cjs tests/prompts/input-repair.browser.test.cjs tests/prompts/ssh-copyid-cache.browser.test.cjs tests/prompts/key-generation.browser.test.cjs tests/prompts/key-generation-cache.browser.test.cjs tests/prompts/lpmu-lifecycle.browser.test.cjs tests/prompts/delete-reference.browser.test.cjs

✔ zh-CN: new confirmation sheet cancels writes and guards dangerous keyboard actions (2838.921875ms)
✔ en-US: new confirmation sheet cancels writes and guards dangerous keyboard actions (1235.065125ms)
✔ zh-CN: deploy button uses first trust directly, renders registered host and rejects changed keys (1319.456584ms)
✔ en-US: deploy button uses first trust directly, renders registered host and rejects changed keys (1231.945167ms)
✔ zh-CN: dashboard verifies unknown service with JSON before triggering (911.245208ms)
✔ zh-CN: real index cold start, safe toast/file text, current websocket state (655.26ms)
✔ zh-CN: initial language failure blocks controls and retry recovers (513.298166ms)
✔ en-US: dashboard verifies unknown service with JSON before triggering (1059.412208ms)
✔ en-US: real index cold start, safe toast/file text, current websocket state (802.417709ms)
✔ en-US: initial language failure blocks controls and retry recovers (654.9365ms)
✔ delayed language package and rapid switches keep the latest requested language (566.667834ms)
✔ terminal resource failure presents retry; a rejected cached promise is not reused (652.332833ms)
✔ zh-CN: package confirmation treats names as text and applies only on explicit verified action (653.5175ms)
✔ en-US: package confirmation treats names as text and applies only on explicit verified action (636.092ms)
✔ initial delayed language keeps controls inert until the real package arrives (560.57775ms)
✔ failed language switch preserves the loaded language; retry clears failure and stale toast (793.150459ms)
✔ terminal can initialize after failed resource load using newly served resources (629.26375ms)
✔ zh-CN: managed commands share service state, start, verification and stop (649.907834ms)
✔ en-US: managed commands share service state, start, verification and stop (841.122375ms)
✔ zh-CN: ready survives both editors and two saves (2885.286042ms)
✔ zh-CN: numeric-string survives both editors and two saves (882.351709ms)
✔ zh-CN: boolean-string survives both editors and two saves (775.050875ms)
✔ zh-CN: empty-string survives both editors and two saves (737.874167ms)
✔ zh-CN: quotes-and-escapes survives both editors and two saves (543.267084ms)
✔ zh-CN: entity-literal survives both editors and two saves (658.793834ms)
✔ zh-CN: spaces survives both editors and two saves (594.540459ms)
✔ zh-CN: zero survives both editors and two saves (497.758417ms)
✔ zh-CN: negative survives both editors and two saves (493.408667ms)
✔ zh-CN: fraction survives both editors and two saves (420.21125ms)
✔ zh-CN: integral-float survives both editors and two saves (497.383958ms)
✔ zh-CN: true survives both editors and two saves (573.399042ms)
✔ zh-CN: false survives both editors and two saves (583.391958ms)
✔ zh-CN: null survives both editors and two saves (586.046458ms)
✔ zh-CN: limit-string survives both editors and two saves (418.181458ms)
✔ zh-CN: unicode survives both editors and two saves (517.408917ms)
✔ en-US: ready survives both editors and two saves (604.991959ms)
✔ en-US: numeric-string survives both editors and two saves (694.44075ms)
✔ en-US: boolean-string survives both editors and two saves (645.396042ms)
✔ en-US: empty-string survives both editors and two saves (651.138042ms)
✔ en-US: quotes-and-escapes survives both editors and two saves (749.073333ms)
✔ en-US: entity-literal survives both editors and two saves (580.132ms)
✔ en-US: spaces survives both editors and two saves (569.025041ms)
✔ en-US: zero survives both editors and two saves (515.255417ms)
✔ en-US: negative survives both editors and two saves (508.265875ms)
✔ en-US: fraction survives both editors and two saves (581.07425ms)
✔ en-US: integral-float survives both editors and two saves (522.709667ms)
✔ en-US: true survives both editors and two saves (377.507166ms)
✔ en-US: false survives both editors and two saves (433.694459ms)
✔ en-US: null survives both editors and two saves (417.864583ms)
✔ en-US: limit-string survives both editors and two saves (397.335458ms)
✔ en-US: unicode survives both editors and two saves (420.794042ms)
✔ editing ready uses the same type contract in both editors (375.46275ms)
✔ editing "0" uses the same type contract in both editors (235.66275ms)
✔ editing 0 uses the same type contract in both editors (244.983667ms)
✔ editing "true" uses the same type contract in both editors (244.035917ms)
✔ editing true uses the same type contract in both editors (313.032208ms)
✔ editing false uses the same type contract in both editors (237.79525ms)
✔ editing null uses the same type contract in both editors (264.19975ms)
✔ editing "" uses the same type contract in both editors (217.234334ms)
✔ trigger: invalid [] stays in draft and never writes (244.347333ms)
✔ trigger: invalid {} stays in draft and never writes (271.896541ms)
✔ trigger: invalid 1e999 stays in draft and never writes (212.712834ms)
✔ trigger: invalid "\u0000" stays in draft and never writes (260.943667ms)
✔ trigger: invalid "aaaaaaaaaaaaaaaaaaa stays in draft and never writes (297.46725ms)
✔ trigger: invalid "中中中中中中中中中中中中中中中中中中中 stays in draft and never writes (213.438834ms)
✔ action: invalid [] stays in draft and never writes (292.940708ms)
✔ action: invalid {} stays in draft and never writes (262.144625ms)
✔ action: invalid 1e999 stays in draft and never writes (212.453167ms)
✔ action: invalid "\u0000" stays in draft and never writes (202.9375ms)
✔ action: invalid "aaaaaaaaaaaaaaaaaaa stays in draft and never writes (213.983209ms)
✔ action: invalid "中中中中中中中中中中中中中中中中中中中 stays in draft and never writes (192.334125ms)
✔ trigger: missing variable cannot silently remove a condition (232.515125ms)
✔ action: missing variable cannot silently remove a condition (183.680292ms)
✔ manual-only preserves dormant trigger conditions (223.267458ms)
✔ unsupported operator is visible and blocked rather than changed to equality (204.188792ms)
✔ all supported operators stay identical across both editors (195.784833ms)
✔ unchecked action condition is intentionally removed; empty string is valid (265.731875ms)
✔ one escape implementation preserves text and attribute values without double encoding (234.722875ms)
✔ source: export button passes quoted IDs as data rather than JavaScript source (180.037ms)
✔ rule: export button passes quoted IDs as data rather than JavaScript source (217.002333ms)
✔ action: export button passes quoted IDs as data rather than JavaScript source (197.4545ms)
✔ ssh-cmd: export button passes quoted IDs as data rather than JavaScript source (255.230584ms)
✔ ssh-host: export button passes quoted IDs as data rather than JavaScript source (235.224167ms)
✔ inline action conditions remain unchanged even though they are read-only (207.967917ms)
✔ unresolved action references retain their conditions and type (248.124958ms)
✔ rejected save preserves the editor, typed value and operator (204.504542ms)
✔ action: real REST verification gates stopped deletion (2699.246041ms)
✔ action: real REST verification gates ready deletion (999.477042ms)
✔ command: real REST verification gates stopped deletion (782.756791ms)
✔ command: real REST verification gates ready deletion (631.646125ms)
✔ action: delayed verification cannot overwrite a newer real start (578.567042ms)
✔ command: delayed verification cannot overwrite a newer real start (414.387542ms)
✔ zh-CN: navigation buttons open existing pages without positioning or deletion (3453.770583ms)
✔ en-US: navigation buttons open existing pages without positioning or deletion (1688.95325ms)
✔ zh-CN 390: 32 production references, escaping, design, close and navigation (959.383166ms)
✔ zh-CN 390: 47-byte label and 63-byte ID remain readable (797.740959ms)
✔ zh-CN 390: service-blocked 47-byte template title does not clip (555.523125ms)
✔ zh-CN 390: C group has only Close; missing list remains blocked (753.001209ms)
✔ zh-CN 390: successive service and reference blockers have no stale sheet (907.931ms)
✔ zh-CN 390: homepage empty/loading/recovery retains grid and entry (473.392208ms)
✔ zh-CN 390: stale selection failure names the chosen option and retains draft (633.413834ms)
✔ zh-CN 1440: 32 production references, escaping, design, close and navigation (945.358042ms)
✔ zh-CN 1440: 47-byte label and 63-byte ID remain readable (591.569166ms)
✔ zh-CN 1440: service-blocked 47-byte template title does not clip (679.112833ms)
✔ zh-CN 1440: C group has only Close; missing list remains blocked (871.66225ms)
✔ zh-CN 1440: successive service and reference blockers have no stale sheet (812.506333ms)
✔ zh-CN 1440: homepage empty/loading/recovery retains grid and entry (794.637792ms)
✔ zh-CN 1440: stale selection failure names the chosen option and retains draft (572.292458ms)
✔ en-US 390: 32 production references, escaping, design, close and navigation (898.132833ms)
✔ en-US 390: 47-byte label and 63-byte ID remain readable (784.100334ms)
✔ en-US 390: service-blocked 47-byte template title does not clip (676.337083ms)
✔ en-US 390: C group has only Close; missing list remains blocked (687.530458ms)
✔ en-US 390: successive service and reference blockers have no stale sheet (765.389125ms)
✔ en-US 390: homepage empty/loading/recovery retains grid and entry (432.676833ms)
✔ en-US 390: stale selection failure names the chosen option and retains draft (532.282708ms)
✔ en-US 1440: 32 production references, escaping, design, close and navigation (732.156042ms)
✔ en-US 1440: 47-byte label and 63-byte ID remain readable (446.1835ms)
✔ en-US 1440: service-blocked 47-byte template title does not clip (496.637709ms)
✔ en-US 1440: C group has only Close; missing list remains blocked (579.539917ms)
✔ en-US 1440: successive service and reference blockers have no stale sheet (603.57ms)
✔ en-US 1440: homepage empty/loading/recovery retains grid and entry (353.903834ms)
✔ en-US 1440: stale selection failure names the chosen option and retains draft (450.894333ms)
✔ zh-CN: widget zero, negative bound, expressions and thresholds survive save/reopen (2730.2965ms)
✔ zh-CN: invalid widget numbers retain the whole draft without saving (1054.630958ms)
✔ zh-CN: all 14 available filter templates retain parameters across reopen and two updates (30977.601125ms)
✔ zh-CN: failed or invalid LED edit keeps its template and never deletes it (998.06275ms)
✔ zh-CN: editing only a legacy filter label preserves its default execution (1620.917375ms)
✔ zh-CN: modal and matrix manual filters convert frequency and retain zero decay (200.019333ms)
✔ en-US: widget zero, negative bound, expressions and thresholds survive save/reopen (257.792ms)
✔ en-US: invalid widget numbers retain the whole draft without saving (266.390416ms)
✔ en-US: all 14 available filter templates retain parameters across reopen and two updates (30372.641083ms)
✔ en-US: failed or invalid LED edit keeps its template and never deletes it (1043.026792ms)
✔ en-US: editing only a legacy filter label preserves its default execution (1767.772958ms)
✔ en-US: modal and matrix manual filters convert frequency and retain zero decay (292.6735ms)
✔ files and image picker preserve special paths, plain names and both directory types (311.226375ms)
✔ JSON field and command-variable buttons pass unmodified quotes and Unicode (274.172417ms)
✔ CSR UI uses UTF-8 byte bounds and preserves the organization data (179.610959ms)
✔ zh-CN: undefined preserves field presence through metadata and one-field edits (1644.020917ms)
✔ zh-CN: {"angle":0} preserves field presence through metadata and one-field edits (1697.92825ms)
✔ zh-CN: {"speed":40,"wavelength":8,"amplitude":128,"angle":0} preserves field presence through metadata and one-field edits (1680.298792ms)
✔ en-US: undefined preserves field presence through metadata and one-field edits (1765.225959ms)
✔ en-US: {"angle":0} preserves field presence through metadata and one-field edits (1783.382584ms)
✔ en-US: {"speed":40,"wavelength":8,"amplitude":128,"angle":0} preserves field presence through metadata and one-field edits (1762.053958ms)
✔ zh-CN: cached old API, app and language are replaced by new URLs (3327.130667ms)
✔ en-US: cached old API, app and language are replaced by new URLs (1449.291167ms)
✔ zh-CN rsa2048: real modal persistent feedback and generated row (6245.92825ms)
✔ zh-CN rsa4096: real modal persistent feedback and generated row (3861.391209ms)
✔ zh-CN ec256: real modal persistent feedback and generated row (3853.995667ms)
✔ zh-CN ec384: real modal persistent feedback and generated row (3817.103083ms)
✔ zh-CN: business and transport failures retain modal with accurate state (1694.652375ms)
✔ zh-CN: list error after saving never reports generation failure (388.037958ms)
✔ zh-CN: closed and reopened modal owns its new inputs (442.711375ms)
✔ en-US rsa2048: real modal persistent feedback and generated row (3675.746792ms)
✔ en-US rsa4096: real modal persistent feedback and generated row (3584.246167ms)
✔ en-US ec256: real modal persistent feedback and generated row (3616.483541ms)
✔ en-US ec384: real modal persistent feedback and generated row (3592.051708ms)
✔ en-US: business and transport failures retain modal with accurate state (1470.548875ms)
✔ en-US: list error after saving never reports generation failure (331.967958ms)
✔ en-US: closed and reopened modal owns its new inputs (362.543667ms)
✔ zh-CN: language rebuild releases only controls attached to the pending generation (294.087458ms)
✔ en-US: language rebuild releases only controls attached to the pending generation (374.940958ms)
✔ zh-CN: keyboard trap and Escape clear the password without submission (2934.082792ms)
✔ zh-CN: Enter submits once and Escape closes the finished result (977.655458ms)
✔ zh-CN: logs are lazy, use byte offsets and retain the complete cached transcript (1093.080083ms)
✔ zh-CN: logs stop after a no-progress page and do not retry on reopen (868.279333ms)
✔ zh-CN: logs pause when folded and resume from the next byte offset (779.585834ms)
✔ zh-CN: logs stale cannot replace the configuration result (652.487041ms)
✔ zh-CN: logs sd cannot replace the configuration result (567.325083ms)
✔ zh-CN: logs wrongRun cannot replace the configuration result (531.377166ms)
✔ zh-CN: logs allow an empty terminal page (673.982625ms)
✔ zh-CN: logs failure summary shows the last diagnosis and keeps technical status separate (532.209583ms)
✔ zh-CN: explicit no-internet error survives a following route table and raw logs remain available (674.848125ms)
✔ zh-CN: log group follows dialog typography and fits desktop and narrow viewports (1267.648916ms)
✔ zh-CN: running remains authoritative until cleanup completes; result appears once (538.217917ms)
✔ zh-CN: navigation clears the password and cannot submit from Files (604.128792ms)
✔ zh-CN: late start response cannot update a new navigation (657.828042ms)
✔ zh-CN: late start rejection cannot update a new navigation (622.503875ms)
✔ zh-CN: status failure preserves remote outcome and never starts another command (487.098666ms)
✔ zh-CN: late manual status refresh cannot restart polling in a new navigation (493.117458ms)
✔ zh-CN: native API success has one POST and accurate outcome (573.123625ms)
✔ zh-CN: native API rejected has one POST and accurate outcome (523.875541ms)
✔ zh-CN: native API lostResponse has one POST and accurate outcome (497.235333ms)
✔ zh-CN: rejected duplicate start adopts the existing task instead of reporting script failure (455.697916ms)
✔ zh-CN: old status cannot overwrite a newer execution or release its in-flight guard (331.576375ms)
✔ zh-CN: leaving closes a result dialog and ignores its late log response (485.536334ms)
✔ zh-CN: returning to a completed run does not pop the result again (414.601209ms)
✔ en-US: keyboard trap and Escape clear the password without submission (473.512958ms)
✔ en-US: Enter submits once and Escape closes the finished result (439.373834ms)
✔ en-US: logs are lazy, use byte offsets and retain the complete cached transcript (636.0125ms)
✔ en-US: logs stop after a no-progress page and do not retry on reopen (627.212792ms)
✔ en-US: logs pause when folded and resume from the next byte offset (632.155084ms)
✔ en-US: logs stale cannot replace the configuration result (418.17975ms)
✔ en-US: logs sd cannot replace the configuration result (472.3885ms)
✔ en-US: logs wrongRun cannot replace the configuration result (439.036375ms)
✔ en-US: logs allow an empty terminal page (415.047333ms)
✔ en-US: logs failure summary shows the last diagnosis and keeps technical status separate (311.019833ms)
✔ en-US: explicit no-internet error survives a following route table and raw logs remain available (460.969ms)
✔ en-US: log group follows dialog typography and fits desktop and narrow viewports (713.629416ms)
✔ en-US: running remains authoritative until cleanup completes; result appears once (343.323542ms)
✔ en-US: navigation clears the password and cannot submit from Files (368.904167ms)
✔ en-US: late start response cannot update a new navigation (365.310334ms)
✔ en-US: late start rejection cannot update a new navigation (382.665375ms)
✔ en-US: status failure preserves remote outcome and never starts another command (282.919ms)
✔ en-US: late manual status refresh cannot restart polling in a new navigation (313.511875ms)
✔ en-US: native API success has one POST and accurate outcome (360.923334ms)
✔ en-US: native API rejected has one POST and accurate outcome (364.678292ms)
✔ en-US: native API lostResponse has one POST and accurate outcome (376.816583ms)
✔ en-US: rejected duplicate start adopts the existing task instead of reporting script failure (418.776833ms)
✔ en-US: old status cannot overwrite a newer execution or release its in-flight guard (294.925333ms)
✔ en-US: leaving closes a result dialog and ignores its late log response (396.044375ms)
✔ en-US: returning to a completed run does not pop the result again (278.681625ms)
{"case":"successful retry","language":"zh-CN","failure":"/sdcard/a.tscfg: 应用失败: 设备处理请求时发生错误，请查看详细原因。\n详细原因：fixture failure","afterSuccess":"/sdcard/a.tscfg: 配置包已应用。","dialogClosed":true,"errors":[]}
✔ review2: successful retry retains old failure zh-CN (2714.623459ms)
{"case":"late completion","language":"zh-CN","secondShown":true,"secondRemoved":false,"toast":"/sdcard/a.tscfg: 正在应用配置...","errors":[]}
✔ review2: prior completion closes new package confirmation zh-CN (857.617917ms)
{"case":"stale file list","language":"zh-CN","callsBefore":1,"callsAfter":2,"visibleAfterUpload":true,"visibleAfterManualRefresh":true,"errors":[]}
✔ review2: uploaded file missing after dialog close zh-CN (719.912084ms)
{"case":"successful retry","language":"en-US","failure":"/sdcard/a.tscfg: Apply failed: The device encountered an error while processing the request. See the details below.\nDetails: fixture failure","afterSuccess":"/sdcard/a.tscfg: The configuration package was applied.","dialogClosed":true,"errors":[]}
✔ review2: successful retry retains old failure en-US (850.363958ms)
{"case":"late completion","language":"en-US","secondShown":true,"secondRemoved":false,"toast":"/sdcard/a.tscfg: Applying config...","errors":[]}
✔ review2: prior completion closes new package confirmation en-US (750.84225ms)
{"case":"stale file list","language":"en-US","callsBefore":1,"callsAfter":2,"visibleAfterUpload":true,"visibleAfterManualRefresh":true,"errors":[]}
✔ review2: uploaded file missing after dialog close en-US (616.830542ms)
✔ R1: endpoint-specific logout and HTTP errors zh-CN (533.760625ms)
✔ R3: late validation cannot revive an old apply entry zh-CN (364.386584ms)
✔ R3: previously opened confirmation loses validity on reupload zh-CN (416.29675ms)
✔ R4/R5: obsolete errors and finally cannot update newer attempts zh-CN (350.654333ms)
✔ R6: fixed upload destination and separate refresh failure zh-CN (431.230875ms)
✔ R6: out-of-order directory success and error do not replace latest list zh-CN (422.48925ms)
✔ R1: endpoint-specific logout and HTTP errors en-US (638.856458ms)
✔ R3: late validation cannot revive an old apply entry en-US (672.797875ms)
✔ R3: previously opened confirmation loses validity on reupload en-US (680.950667ms)
✔ R4/R5: obsolete errors and finally cannot update newer attempts en-US (494.123084ms)
✔ R6: fixed upload destination and separate refresh failure en-US (651.390083ms)
✔ R6: out-of-order directory success and error do not replace latest list en-US (548.720167ms)
✔ R2: authenticated startup initializes once (581.831583ms)
✔ R2: obsolete system loader cannot update new page; failed navigation retries (570.2225ms)
✔ R4/R5: newest result wins over late success and late failure (732.855ms)
✔ R3: overlapping writes to one path cannot claim current verified content (445.756208ms)
✔ R2: disposed page only removes its dashboard callback (525.687833ms)
✔ R2: stale finally cannot unlock the new page read (487.388583ms)
✔ R1: delayed sign-out does not clear a newer sign-in (484.588375ms)
✔ WS protocol: actual page subscription class, independent intervals and acknowledgements zh-CN (598.511208ms)
✔ WS protocol: actual page subscription class, independent intervals and acknowledgements en-US (616.103041ms)
✔ zh-CN: upgrade replaces a cached old deployment API without clearing browser cache (3217.452584ms)
✔ en-US: upgrade replaces a cached old deployment API without clearing browser cache (1925.619ms)
✔ 375px: all widget values stay inside cards and preserve grid widths (2411.815792ms)
✔ 600px: all widget values stay inside cards and preserve grid widths (881.739458ms)
✔ 768px: all widget values stay inside cards and preserve grid widths (650.538042ms)
✔ 900px: all widget values stay inside cards and preserve grid widths (838.749291ms)
✔ 1024px: all widget values stay inside cards and preserve grid widths (868.395542ms)
✔ 1200px: all widget values stay inside cards and preserve grid widths (492.096083ms)
✔ 1440px: all widget values stay inside cards and preserve grid widths (459.894375ms)
✔ wide ring labels overlay the whole card; narrow dual values stack (530.799292ms)
✔ 180px cards contain long units and labels and remain editable (446.17425ms)
✔ widget layout visual samples (862.554583ms)
✔ 375px: mixed layout sizes never create implicit grid columns (556.846958ms)
✔ 600px: mixed layout sizes never create implicit grid columns (470.174584ms)
✔ 601px: mixed layout sizes never create implicit grid columns (510.303041ms)
✔ 768px: mixed layout sizes never create implicit grid columns (465.864334ms)
✔ 900px: mixed layout sizes never create implicit grid columns (454.808083ms)
✔ 901px: mixed layout sizes never create implicit grid columns (333.960083ms)
✔ 1200px: mixed layout sizes never create implicit grid columns (443.036333ms)
✔ 1201px: mixed layout sizes never create implicit grid columns (527.399834ms)
✔ 1440px: mixed layout sizes never create implicit grid columns (416.623542ms)
✔ zh-CN: narrow log toolbar contains controls and status in both states (612.228042ms)
✔ en-US: narrow log toolbar contains controls and status in both states (577.2315ms)
✔ device service cards cap at three columns across the fan breakpoint (813.159209ms)
ℹ tests 262
ℹ suites 0
ℹ pass 262
ℹ fail 0
ℹ cancelled 0
ℹ skipped 0
ℹ todo 0
ℹ duration_ms 83107.817875
