
> test
> cd ../.. && node --test tests/prompts/static.test.cjs tests/prompts/regression.test.cjs tests/prompts/service-ownership.test.cjs tests/prompts/widgets-structure.test.cjs tests/prompts/delete-protection.test.cjs tests/prompts/key-generation.test.cjs tests/prompts/delete-reference.test.cjs

✔ zh-CN: protected delete explains service state rather than internal failure (111.646292ms)
✔ en-US: protected delete explains service state rather than internal failure (316.784417ms)
✔ action: unregistered service is verified stopped before deletion (27.704916ms)
✔ action: running never leads to delete or stop (10.940958ms)
✔ action: ready never leads to delete or stop (10.870875ms)
✔ action: unknown never leads to delete or stop (72.463542ms)
✔ action: failed verification never deletes (17.936458ms)
✔ action: ordinary command has no service verification (9.694667ms)
✔ action: repeated click submits only one verification and delete (9.179166ms)
✔ action: leaving the page during verification cancels subsequent deletion (261.855875ms)
✔ command: unregistered service is verified stopped before deletion (10.328916ms)
✔ command: running never leads to delete or stop (11.657958ms)
✔ command: ready never leads to delete or stop (16.468833ms)
✔ command: unknown never leads to delete or stop (18.851333ms)
✔ command: failed verification never deletes (10.566958ms)
✔ command: ordinary command has no service verification (172.129833ms)
✔ command: repeated click submits only one verification and delete (124.93675ms)
✔ command: leaving the page during verification cancels subsequent deletion (71.232333ms)
✔ switching hosts during verification removes the original command only (27.376166ms)
✔ action: newer start prevents stale deletion and status painting (8.438875ms)
✔ action: newer stop prevents stale deletion and status painting (103.85775ms)
✔ action: newer verify prevents stale deletion and status painting (9.195959ms)
✔ command: newer start prevents stale deletion and status painting (10.797ms)
✔ command: newer stop prevents stale deletion and status painting (65.694375ms)
✔ command: newer verify prevents stale deletion and status painting (7.602792ms)
✔ action: stale admission failure cannot replace newer start feedback (8.858125ms)
✔ command: stale admission failure cannot replace newer start feedback (5.215209ms)
✔ zh-CN: H15 nine states, busy and operation kind select an approved explanation (19.954459ms)
✔ en-US: H15 nine states, busy and operation kind select an approved explanation (6.084708ms)
✔ zh-CN: approved keys, placeholders and missing-template display label (6.379834ms)
✔ en-US: approved keys, placeholders and missing-template display label (6.066208ms)
✔ zh-CN rsa2048: delayed real handler gives persistent status, one POST, closes and refreshes (19.209291ms)
✔ zh-CN rsa4096: delayed real handler gives persistent status, one POST, closes and refreshes (5.800208ms)
✔ zh-CN ec256: delayed real handler gives persistent status, one POST, closes and refreshes (7.176459ms)
✔ zh-CN ec384: delayed real handler gives persistent status, one POST, closes and refreshes (216.374417ms)
✔ zh-CN: business failure keeps inputs, stage and cleanup, distinguishes memory/storage (53.867ms)
✔ zh-CN: timeout is unknown, one POST and at most one record check, no automatic retry (31.494291ms)
✔ zh-CN: network is unknown, one POST and at most one record check, no automatic retry (13.086041ms)
✔ zh-CN: http is unknown, one POST and at most one record check, no automatic retry (10.037541ms)
✔ zh-CN: body is unknown, one POST and at most one record check, no automatic retry (8.424459ms)
✔ zh-CN: json is unknown, one POST and at most one record check, no automatic retry (145.229625ms)
✔ zh-CN: string-code is unknown, one POST and at most one record check, no automatic retry (14.07975ms)
✔ zh-CN: missing is unknown, one POST and at most one record check, no automatic retry (84.878958ms)
✔ zh-CN: wrong-id is unknown, one POST and at most one record check, no automatic retry (20.008208ms)
✔ zh-CN: response-allocation is unknown, one POST and at most one record check, no automatic retry (9.388792ms)
✔ zh-CN: response-no-message is unknown, one POST and at most one record check, no automatic retry (8.022ms)
✔ zh-CN: a failed record check remains unknown and refresh failure cannot become generation failure (146.688417ms)
✔ zh-CN: close/reopen and navigation prevent stale modal updates; pending guard survives closure (31.772916ms)
✔ zh-CN: invalid IDs rejected before any POST (10.867958ms)
✔ zh-CN: actual key refresh rejects business/format failures, keeps HTTPS and resists out-of-order responses (10.914541ms)
✔ en-US rsa2048: delayed real handler gives persistent status, one POST, closes and refreshes (22.451625ms)
✔ en-US rsa4096: delayed real handler gives persistent status, one POST, closes and refreshes (26.440333ms)
✔ en-US ec256: delayed real handler gives persistent status, one POST, closes and refreshes (296.11825ms)
✔ en-US ec384: delayed real handler gives persistent status, one POST, closes and refreshes (21.856292ms)
✔ en-US: business failure keeps inputs, stage and cleanup, distinguishes memory/storage (177.397666ms)
✔ en-US: timeout is unknown, one POST and at most one record check, no automatic retry (13.3025ms)
✔ en-US: network is unknown, one POST and at most one record check, no automatic retry (12.612375ms)
✔ en-US: http is unknown, one POST and at most one record check, no automatic retry (7.694625ms)
✔ en-US: body is unknown, one POST and at most one record check, no automatic retry (11.804334ms)
✔ en-US: json is unknown, one POST and at most one record check, no automatic retry (18.288458ms)
✔ en-US: string-code is unknown, one POST and at most one record check, no automatic retry (14.833833ms)
✔ en-US: missing is unknown, one POST and at most one record check, no automatic retry (11.199625ms)
✔ en-US: wrong-id is unknown, one POST and at most one record check, no automatic retry (11.860166ms)
✔ en-US: response-allocation is unknown, one POST and at most one record check, no automatic retry (10.623041ms)
✔ en-US: response-no-message is unknown, one POST and at most one record check, no automatic retry (8.04125ms)
✔ en-US: a failed record check remains unknown and refresh failure cannot become generation failure (77.481125ms)
✔ en-US: close/reopen and navigation prevent stale modal updates; pending guard survives closure (8.431625ms)
✔ en-US: invalid IDs rejected before any POST (6.000208ms)
✔ en-US: actual key refresh rejects business/format failures, keeps HTTPS and resists out-of-order responses (6.524209ms)
✔ zh-CN: rebuilt page controls are released without stale errors; explicit success replaces a prior warning (8.918042ms)
✔ en-US: rebuilt page controls are released without stale errors; explicit success replaces a prior warning (6.390917ms)
✔ zh-CN: first deployment sends automatic first trust once, with no confirmation and factual registration result (128.278208ms)
✔ zh-CN: deployment honors explicit first-trust opt-out and does not change other SSH defaults (13.60675ms)
✔ en-US: first deployment sends automatic first trust once, with no confirmation and factual registration result (13.212083ms)
✔ en-US: deployment honors explicit first-trust opt-out and does not change other SSH defaults (12.756ms)
✔ zh-CN: actual inline translator, cold language, missing/objects/parameters and confirmations (9.09ms)
✔ zh-CN: REST business failure remains returned; strict operation rejects with original metadata (11.002083ms)
✔ zh-CN: timeout covers response body; result stays unknown for POST (107.090583ms)
✔ zh-CN: toast timer replacement, priority, safe multiline text (21.024ms)
✔ zh-CN: actual mutations do not report success or close dialogs on business failures (11.29375ms)
✔ zh-CN: batch deletion all / partial / no success with business errors (49.112334ms)
✔ zh-CN: downloads propagate actual initiation failures and retain batch details (64.562334ms)
✔ zh-CN: file names are text; upload/verification/apply remain separate (21.021417ms)
✔ zh-CN: SSH actual event handler honors terminal states and diagnoses conflicts (12.428833ms)
✔ zh-CN: background command timeout is unconfirmed and never resubmitted (68.600708ms)
✔ zh-CN: terminal restoration waits for acknowledgement; timeout/failure stay distinct (44.399417ms)
✔ zh-CN: ping results are reachability only; failed probe is unknown and no pulse replay (14.937625ms)
✔ zh-CN: websocket label matches color across language changes and power warnings persist (9.385625ms)
✔ en-US: actual inline translator, cold language, missing/objects/parameters and confirmations (11.712333ms)
✔ en-US: REST business failure remains returned; strict operation rejects with original metadata (235.909125ms)
✔ en-US: timeout covers response body; result stays unknown for POST (166.557583ms)
✔ en-US: toast timer replacement, priority, safe multiline text (13.122667ms)
✔ en-US: actual mutations do not report success or close dialogs on business failures (15.560291ms)
✔ en-US: batch deletion all / partial / no success with business errors (15.960375ms)
✔ en-US: downloads propagate actual initiation failures and retain batch details (253.058958ms)
✔ en-US: file names are text; upload/verification/apply remain separate (10.768042ms)
✔ en-US: SSH actual event handler honors terminal states and diagnoses conflicts (8.635416ms)
✔ en-US: background command timeout is unconfirmed and never resubmitted (10.518541ms)
✔ en-US: terminal restoration waits for acknowledgement; timeout/failure stay distinct (8.468791ms)
✔ en-US: ping results are reachability only; failed probe is unknown and no pulse replay (8.665416ms)
✔ en-US: websocket label matches color across language changes and power warnings persist (138.89825ms)
✔ zh-CN: upload and download aggregates cover all success and all failure (10.308333ms)
✔ zh-CN: key deployment requires successful business code and distinguishes verification (6.809042ms)
✔ zh-CN: real LED/status renderers localize finite built-in identifiers (5.819834ms)
✔ en-US: upload and download aggregates cover all success and all failure (7.869583ms)
✔ en-US: key deployment requires successful business code and distinguishes verification (7.737208ms)
✔ en-US: real LED/status renderers localize finite built-in identifiers (9.644458ms)
✔ zh-CN: widget dynamic families render real labels and literal braces in names remain valid (17.066208ms)
✔ zh-CN: unknown asynchronous stop never retries or escalates (7.332125ms)
✔ en-US: widget dynamic families render real labels and literal braces in names remain valid (6.817875ms)
✔ en-US: unknown asynchronous stop never retries or escalates (8.231833ms)
✔ zh-CN: J1 power alerts preserve local line, SSH ownership, transition guards and filtering (8.2145ms)
✔ en-US: J1 power alerts preserve local line, SSH ownership, transition guards and filtering (18.915542ms)
✔ a service display rejects prior SSH output and completion (23.094541ms)
✔ fast SSH messages are replayed only for the acknowledged session (12.618542ms)
✔ late SSH admission cannot replace a newer service display (11.152625ms)
✔ late log response and tail timer cannot survive display replacement (9.099375ms)
✔ page replacement and clear do not let old messages adopt the new panel (65.607958ms)
✔ expired and replaced service operations never trigger a retry (22.77075ms)
✔ clearing during explicit verification prevents display updates (15.492959ms)
Checked 3045 references including conditional and finite dynamic families.
✔ actual UI literal/conditional and finite dynamic keys exist in both languages with matching contracts (12.258292ms)
✔ production i18n is the inline entry; no second translator script is loaded (0.139417ms)
✔ ring: value uses an HTML overlay outside the SVG and retains update IDs (223.64275ms)
✔ gauge: value uses an HTML overlay outside the SVG and retains update IDs (29.341125ms)
✔ all widget types retain rendering, layout and edit hooks in the new UI (50.723375ms)
✔ stylesheet retains migrated bounds, overlay, wrapping and responsive span contracts (0.139958ms)
ℹ tests 126
ℹ suites 0
ℹ pass 126
ℹ fail 0
ℹ cancelled 0
ℹ skipped 0
ℹ todo 0
ℹ duration_ms 1772.461209
