
> test
> cd ../.. && node --test tests/prompts/static.test.cjs tests/prompts/regression.test.cjs

✔ zh-CN: actual inline translator, cold language, missing/objects/parameters and confirmations (15.478792ms)
✔ zh-CN: REST business failure remains returned; strict operation rejects with original metadata (5.937417ms)
✔ zh-CN: timeout covers response body; result stays unknown for POST (7.435167ms)
✔ zh-CN: toast timer replacement, priority, safe multiline text (4.723791ms)
✔ zh-CN: actual mutations do not report success or close dialogs on business failures (5.639708ms)
✔ zh-CN: batch deletion all / partial / no success with business errors (5.28575ms)
✔ zh-CN: downloads propagate actual initiation failures and retain batch details (6.398292ms)
✔ zh-CN: file names are text; upload/verification/apply remain separate (6.13025ms)
✔ zh-CN: SSH actual event handler honors terminal states and diagnoses conflicts (5.63325ms)
✔ zh-CN: background command timeout is unconfirmed and never resubmitted (5.239875ms)
✔ zh-CN: terminal restoration waits for acknowledgement; timeout/failure stay distinct (5.615125ms)
✔ zh-CN: ping results are reachability only; failed probe is unknown and no pulse replay (5.210291ms)
✔ zh-CN: websocket label matches color across language changes and power warnings persist (4.657375ms)
✔ en-US: actual inline translator, cold language, missing/objects/parameters and confirmations (4.986208ms)
✔ en-US: REST business failure remains returned; strict operation rejects with original metadata (4.557917ms)
✔ en-US: timeout covers response body; result stays unknown for POST (6.237416ms)
✔ en-US: toast timer replacement, priority, safe multiline text (5.676083ms)
✔ en-US: actual mutations do not report success or close dialogs on business failures (5.802ms)
✔ en-US: batch deletion all / partial / no success with business errors (6.061792ms)
✔ en-US: downloads propagate actual initiation failures and retain batch details (5.611833ms)
✔ en-US: file names are text; upload/verification/apply remain separate (5.258625ms)
✔ en-US: SSH actual event handler honors terminal states and diagnoses conflicts (8.060875ms)
✔ en-US: background command timeout is unconfirmed and never resubmitted (5.021708ms)
✔ en-US: terminal restoration waits for acknowledgement; timeout/failure stay distinct (4.610625ms)
✔ en-US: ping results are reachability only; failed probe is unknown and no pulse replay (4.513125ms)
✔ en-US: websocket label matches color across language changes and power warnings persist (4.327458ms)
✔ zh-CN: upload and download aggregates cover all success and all failure (5.266417ms)
✔ zh-CN: key deployment requires successful business code and distinguishes verification (5.395334ms)
✔ zh-CN: real LED/status renderers localize finite built-in identifiers (4.610125ms)
✔ en-US: upload and download aggregates cover all success and all failure (4.95025ms)
✔ en-US: key deployment requires successful business code and distinguishes verification (4.6015ms)
✔ en-US: real LED/status renderers localize finite built-in identifiers (4.356875ms)
✔ zh-CN: widget dynamic families render real labels and literal braces in names remain valid (4.563125ms)
✔ zh-CN: unknown stop result never escalates to forced termination (5.351333ms)
✔ en-US: widget dynamic families render real labels and literal braces in names remain valid (4.395417ms)
✔ en-US: unknown stop result never escalates to forced termination (4.2265ms)
✔ zh-CN: J1 power alerts preserve local line, SSH ownership, transition guards and filtering (5.034334ms)
✔ en-US: J1 power alerts preserve local line, SSH ownership, transition guards and filtering (4.587917ms)
Checked 3066 references including conditional and finite dynamic families.
✔ actual UI literal/conditional and finite dynamic keys exist in both languages with matching contracts (5.649333ms)
✔ production i18n is the inline entry; no second translator script is loaded (0.097625ms)
ℹ tests 40
ℹ suites 0
ℹ pass 40
ℹ fail 0
ℹ cancelled 0
ℹ skipped 0
ℹ todo 0
ℹ duration_ms 256.662875
